#
# There is insufficient memory for the Java Runtime Environment to continue.
# Native memory allocation (mmap) failed to map 65536 bytes. Error detail: Failed to commit metaspace.
# Possible reasons:
#   The system is out of physical RAM or swap space
#   This process is running with CompressedOops enabled, and the Java Heap may be blocking the growth of the native heap
# Possible solutions:
#   Reduce memory load on the system
#   Increase physical memory or swap space
#   Check if swap backing store is full
#   Decrease Java heap size (-Xmx/-Xms)
#   Decrease number of Java threads
#   Decrease Java thread stack sizes (-Xss)
#   Set larger code cache with -XX:ReservedCodeCacheSize=
#   JVM is running with Zero Based Compressed Oops mode in which the Java heap is
#     placed in the first 32GB address space. The Java Heap base address is the
#     maximum limit for the native heap growth. Please use -XX:HeapBaseMinAddress
#     to set the Java Heap base and to place the Java Heap above 32GB virtual address.
# This output file may be truncated or incomplete.
#
#  Out of Memory Error (virtualSpaceNode.cpp:113), pid=14512, tid=15236
#
# JRE version: OpenJDK Runtime Environment Microsoft-11369940 (21.0.7+6) (build 21.0.7+6-LTS)
# Java VM: OpenJDK 64-Bit Server VM Microsoft-11369940 (21.0.7+6-LTS, mixed mode, tiered, compressed oops, compressed class ptrs, g1 gc, windows-amd64)
# No core dump will be written. Minidumps are not enabled by default on client versions of Windows
#

---------------  S U M M A R Y ------------

Command Line: --enable-native-access=ALL-UNNAMED -Dclassworlds.conf=C:\Users\ASUS\.m2\wrapper\dists\apache-maven-3.9.14\ed7edd442f634ac1c1ef5ba2b61b6d690b5221091f1a8e1123f5fadcc967520d\bin\m2.conf -Dmaven.home=C:\Users\ASUS\.m2\wrapper\dists\apache-maven-3.9.14\ed7edd442f634ac1c1ef5ba2b61b6d690b5221091f1a8e1123f5fadcc967520d -Dlibrary.jansi.path=C:\Users\ASUS\.m2\wrapper\dists\apache-maven-3.9.14\ed7edd442f634ac1c1ef5ba2b61b6d690b5221091f1a8e1123f5fadcc967520d\lib\jansi-native -Dmaven.multiModuleProjectDirectory=C:\Users\ASUS\Downloads\TDPRO3finale\tdfinale org.codehaus.plexus.classworlds.launcher.Launcher clean compile

Host: Intel(R) Core(TM) i5-8300H CPU @ 2.30GHz, 8 cores, 15G,  Windows 11 , 64 bit Build 26100 (10.0.26100.8328)
Time: Wed May  6 20:03:40 2026 Afrique de l, 64 bit Build 26100 (10.0.26100.8328) elapsed time: 6.498459 seconds (0d 0h 0m 6s)

---------------  T H R E A D  ---------------

Current thread (0x00000283cb5f6e80):  JavaThread "main"             [_thread_in_vm, id=15236, stack(0x000000f40e700000,0x000000f40e800000) (1024K)]

Stack: [0x000000f40e700000,0x000000f40e800000]
Native frames: (J=compiled Java code, j=interpreted, Vv=VM code, C=native code)
V  [jvm.dll+0x6d4bb9]
V  [jvm.dll+0x8afa11]
V  [jvm.dll+0x8b1f3e]
V  [jvm.dll+0x8b2623]
V  [jvm.dll+0x280816]
V  [jvm.dll+0x8ab74e]
V  [jvm.dll+0x676ed5]
V  [jvm.dll+0x676f3a]
V  [jvm.dll+0x679726]
V  [jvm.dll+0x6795f2]
V  [jvm.dll+0x67788e]
V  [jvm.dll+0x26a31f]
V  [jvm.dll+0x681af5]
V  [jvm.dll+0x215fc1]
V  [jvm.dll+0x216455]
V  [jvm.dll+0x216e3c]
V  [jvm.dll+0x20c1de]
V  [jvm.dll+0x5b49ea]
V  [jvm.dll+0x21dada]
V  [jvm.dll+0x827efc]
V  [jvm.dll+0x828f44]
V  [jvm.dll+0x829730]
V  [jvm.dll+0x21724a]
V  [jvm.dll+0x20c1f7]
V  [jvm.dll+0x5b49ea]
V  [jvm.dll+0x21dada]
V  [jvm.dll+0x827efc]
V  [jvm.dll+0x828f44]
V  [jvm.dll+0x829730]
V  [jvm.dll+0x21724a]
V  [jvm.dll+0x20c1f7]
V  [jvm.dll+0x5b49ea]
V  [jvm.dll+0x21dada]
V  [jvm.dll+0x827efc]
V  [jvm.dll+0x828f44]
V  [jvm.dll+0x829512]
V  [jvm.dll+0x829198]
V  [jvm.dll+0x26dd2b]
V  [jvm.dll+0x3d9fae]
C  0x00000283db1aa97f

The last pc belongs to new (printed below).
Java frames: (J=compiled Java code, j=interpreted, Vv=VM code)
j  sun.nio.ch.FileChannelImpl.<clinit>()V+22 java.base@21.0.7
v  ~StubRoutines::call_stub 0x00000283db19100d
j  sun.nio.fs.WindowsChannelFactory.newFileChannel(Ljava/lang/String;Ljava/lang/String;Ljava/util/Set;J)Ljava/nio/channels/FileChannel;+126 java.base@21.0.7
j  sun.nio.fs.WindowsFileSystemProvider.newByteChannel(Ljava/nio/file/Path;Ljava/util/Set;[Ljava/nio/file/attribute/FileAttribute;)Ljava/nio/channels/SeekableByteChannel;+28 java.base@21.0.7
j  java.nio.file.Files.newByteChannel(Ljava/nio/file/Path;Ljava/util/Set;[Ljava/nio/file/attribute/FileAttribute;)Ljava/nio/channels/SeekableByteChannel;+7 java.base@21.0.7
j  java.nio.file.Files.newByteChannel(Ljava/nio/file/Path;[Ljava/nio/file/OpenOption;)Ljava/nio/channels/SeekableByteChannel;+32 java.base@21.0.7
j  java.nio.file.spi.FileSystemProvider.newInputStream(Ljava/nio/file/Path;[Ljava/nio/file/OpenOption;)Ljava/io/InputStream;+79 java.base@21.0.7
j  java.nio.file.Files.newInputStream(Ljava/nio/file/Path;[Ljava/nio/file/OpenOption;)Ljava/io/InputStream;+6 java.base@21.0.7
j  org.codehaus.plexus.classworlds.launcher.Launcher.mainWithExitCode([Ljava/lang/String;)I+44
j  org.codehaus.plexus.classworlds.launcher.Launcher.main([Ljava/lang/String;)V+1
v  ~StubRoutines::call_stub 0x00000283db19100d
new  187 new  [0x00000283db1aa800, 0x00000283db1aaa08]  520 bytes
[MachCode]
  0x00000283db1aa800: 4883 ec08 | c5fa 1104 | 24eb 1f48 | 83ec 10c5 | fb11 0424 | eb14 4883 | ec10 4889 | 0424 48c7 
  0x00000283db1aa820: 4424 0800 | 0000 00eb | 0150 410f | b755 010f | cac1 ea10 | 488b 4de8 | 488b 4908 | 488b 4908 
  0x00000283db1aa840: 488b 4108 | 807c 1004 | 070f 85d3 | 0000 0066 | 8b54 d148 | 488b 4928 | 488b 4cd1 | 0851 80b9 
  0x00000283db1aa860: 2101 0000 | 040f 85b6 | 0000 008b | 5108 f6c2 | 010f 85aa | 0000 0049 | 8b87 b801 | 0000 488d 
  0x00000283db1aa880: 1c10 493b | 9fc8 0100 | 000f 8792 | 0000 0049 | 899f b801 | 0000 4883 | ea10 0f84 | 0f00 0000 
  0x00000283db1aa8a0: 33c9 c1ea | 0348 894c | d008 48ff | ca75 f648 | c700 0100 | 0000 5933 | f689 700c | 49ba 0000 
  0x00000283db1aa8c0: 0000 0800 | 0000 492b | ca89 4808 | 49ba 40dc | e059 fe7f | 0000 4180 | 3a00 0f84 | 3c00 0000 
  0x00000283db1aa8e0: 5048 8bc8 | 4883 ec20 | 40f6 c40f | 0f84 1900 | 0000 4883 | ec08 48b8 | 70bb 8a59 | fe7f 0000 
  0x00000283db1aa900: ffd0 4883 | c408 e90c | 0000 0048 | b870 bb8a | 59fe 7f00 | 00ff d048 | 83c4 2058 | e9cb 0000 
  0x00000283db1aa920: 0059 488b | 55e8 488b | 5208 488b | 5208 450f | b745 0141 | 0fc8 41c1 | e810 e805 | 0000 00e9 
  0x00000283db1aa940: a800 0000 | 488d 4424 | 084c 896d | c049 8bcf | c5f8 7749 | 89af a803 | 0000 4989 | 8798 0300 
  0x00000283db1aa960: 0048 83ec | 2040 f6c4 | 0f0f 8419 | 0000 0048 | 83ec 0848 | b860 9f54 | 59fe 7f00 | 00ff d048 
  0x00000283db1aa980: 83c4 08e9 | 0c00 0000 | 48b8 609f | 5459 fe7f | 0000 ffd0 | 4883 c420 | 49c7 8798 | 0300 0000 
  0x00000283db1aa9a0: 0000 0049 | c787 a803 | 0000 0000 | 0000 49c7 | 87a0 0300 | 0000 0000 | 00c5 f877 | 4983 7f08 
  0x00000283db1aa9c0: 000f 8405 | 0000 00e9 | 3465 feff | 498b 87f0 | 0300 0049 | c787 f003 | 0000 0000 | 0000 4c8b 
  0x00000283db1aa9e0: 6dc0 4c8b | 75c8 4e8d | 74f5 00c3 | 410f b65d | 0349 83c5 | 0349 ba30 | a2e3 59fe | 7f00 0041 
  0x00000283db1aaa00: ff24 da0f | 1f44 0000 
[/MachCode]

---------------  P R O C E S S  ---------------

Threads class SMR info:
_java_thread_list=0x00000283eb0f88b0, length=11, elements={
0x00000283cb5f6e80, 0x00000283eaf23130, 0x00000283eaf23f80, 0x00000283eaf55200,
0x00000283eaf4e3e0, 0x00000283eaf71fe0, 0x00000283eaf7aa40, 0x00000283eaf8b4a0,
0x00000283eaf95490, 0x00000283eb120690, 0x00000283eb12a440
}

Java Threads: ( => current thread )
=>0x00000283cb5f6e80 JavaThread "main"                              [_thread_in_vm, id=15236, stack(0x000000f40e700000,0x000000f40e800000) (1024K)]
  0x00000283eaf23130 JavaThread "Reference Handler"          daemon [_thread_blocked, id=3384, stack(0x000000f40f400000,0x000000f40f500000) (1024K)]
  0x00000283eaf23f80 JavaThread "Finalizer"                  daemon [_thread_blocked, id=10856, stack(0x000000f40f500000,0x000000f40f600000) (1024K)]
  0x00000283eaf55200 JavaThread "Signal Dispatcher"          daemon [_thread_blocked, id=19736, stack(0x000000f40f600000,0x000000f40f700000) (1024K)]
  0x00000283eaf4e3e0 JavaThread "Attach Listener"            daemon [_thread_blocked, id=23420, stack(0x000000f40f700000,0x000000f40f800000) (1024K)]
  0x00000283eaf71fe0 JavaThread "Service Thread"             daemon [_thread_blocked, id=10316, stack(0x000000f40f800000,0x000000f40f900000) (1024K)]
  0x00000283eaf7aa40 JavaThread "Monitor Deflation Thread"   daemon [_thread_blocked, id=7220, stack(0x000000f40f900000,0x000000f40fa00000) (1024K)]
  0x00000283eaf8b4a0 JavaThread "C2 CompilerThread0"         daemon [_thread_blocked, id=11196, stack(0x000000f40fa00000,0x000000f40fb00000) (1024K)]
  0x00000283eaf95490 JavaThread "C1 CompilerThread0"         daemon [_thread_blocked, id=16724, stack(0x000000f40fb00000,0x000000f40fc00000) (1024K)]
  0x00000283eb120690 JavaThread "Notification Thread"        daemon [_thread_blocked, id=19348, stack(0x000000f40fc00000,0x000000f40fd00000) (1024K)]
  0x00000283eb12a440 JavaThread "Common-Cleaner"             daemon [_thread_blocked, id=4032, stack(0x000000f40fd00000,0x000000f40fe00000) (1024K)]
Total: 11

Other Threads:
  0x00000283eaec7d00 VMThread "VM Thread"                           [id=19984, stack(0x000000f40f300000,0x000000f40f400000) (1024K)] _threads_hazard_ptr=0x00000283eb0f88b0
  0x00000283cb36cea0 WatcherThread "VM Periodic Task Thread"        [id=21144, stack(0x000000f40f200000,0x000000f40f300000) (1024K)]
  0x00000283cb1c0da0 WorkerThread "GC Thread#0"                     [id=2792, stack(0x000000f40ed00000,0x000000f40ee00000) (1024K)]
  0x00000283cb249f60 ConcurrentGCThread "G1 Main Marker"            [id=21648, stack(0x000000f40ee00000,0x000000f40ef00000) (1024K)]
  0x00000283cb24ab10 WorkerThread "G1 Conc#0"                       [id=20084, stack(0x000000f40ef00000,0x000000f40f000000) (1024K)]
  0x00000283cb2fb2b0 ConcurrentGCThread "G1 Refine#0"               [id=1280, stack(0x000000f40f000000,0x000000f40f100000) (1024K)]
  0x00000283cb2fbad0 ConcurrentGCThread "G1 Service"                [id=19012, stack(0x000000f40f100000,0x000000f40f200000) (1024K)]
Total: 7

Threads with active compile tasks:
Total: 0

VM state: synchronizing (normal execution)

VM Mutex/Monitor currently owned by a thread:  ([mutex/lock_event])
[0x00007ffe59e24478] Metaspace_lock - owner thread: 0x00000283cb5f6e80
[0x00007ffe59e26478] Threads_lock - owner thread: 0x00000283eaec7d00

Heap address: 0x0000000702400000, size: 4060 MB, Compressed Oops mode: Zero based, Oop shift amount: 3

CDS archive(s) not mapped
Compressed class space mapped at: 0x0000000800000000-0x0000000840000000, reserved size: 1073741824
Narrow klass base: 0x0000000800000000, Narrow klass shift: 0, Narrow klass range: 0x40000000

GC Precious Log:
 CardTable entry size: 512
 Card Set container configuration: InlinePtr #cards 4 size 8 Array Of Cards #cards 16 size 48 Howl #buckets 8 coarsen threshold 3686 Howl Bitmap #cards 512 size 80 coarsen threshold 460 Card regions per heap region 1 cards per card region 4096
 CPUs: 8 total, 8 available
 Memory: 16236M
 Large Page Support: Disabled
 NUMA Support: Disabled
 Compressed Oops: Enabled (Zero based)
 Heap Region Size: 2M
 Heap Min Capacity: 8M
 Heap Initial Capacity: 254M
 Heap Max Capacity: 4060M
 Pre-touch: Disabled
 Parallel Workers: 8
 Concurrent Workers: 2
 Concurrent Refinement Workers: 8
 Periodic GC: Disabled

Heap:
 garbage-first heap   total 260096K, used 2048K [0x0000000702400000, 0x0000000800000000)
  region size 2048K, 2 young (4096K), 0 survivors (0K)
 Metaspace       used 5469K, committed 5568K, reserved 1114112K
  class space    used 443K, committed 512K, reserved 1048576K

Heap Regions: E=young(eden), S=young(survivor), O=old, HS=humongous(starts), HC=humongous(continues), CS=collection set, F=free, TAMS=top-at-mark-start, PB=parsable bottom
|   0|0x0000000702400000, 0x0000000702400000, 0x0000000702600000|  0%| F|  |TAMS 0x0000000702400000| PB 0x0000000702400000| Untracked 
|   1|0x0000000702600000, 0x0000000702600000, 0x0000000702800000|  0%| F|  |TAMS 0x0000000702600000| PB 0x0000000702600000| Untracked 
|   2|0x0000000702800000, 0x0000000702800000, 0x0000000702a00000|  0%| F|  |TAMS 0x0000000702800000| PB 0x0000000702800000| Untracked 
|   3|0x0000000702a00000, 0x0000000702a00000, 0x0000000702c00000|  0%| F|  |TAMS 0x0000000702a00000| PB 0x0000000702a00000| Untracked 
|   4|0x0000000702c00000, 0x0000000702c00000, 0x0000000702e00000|  0%| F|  |TAMS 0x0000000702c00000| PB 0x0000000702c00000| Untracked 
|   5|0x0000000702e00000, 0x0000000702e00000, 0x0000000703000000|  0%| F|  |TAMS 0x0000000702e00000| PB 0x0000000702e00000| Untracked 
|   6|0x0000000703000000, 0x0000000703000000, 0x0000000703200000|  0%| F|  |TAMS 0x0000000703000000| PB 0x0000000703000000| Untracked 
|   7|0x0000000703200000, 0x0000000703200000, 0x0000000703400000|  0%| F|  |TAMS 0x0000000703200000| PB 0x0000000703200000| Untracked 
|   8|0x0000000703400000, 0x0000000703400000, 0x0000000703600000|  0%| F|  |TAMS 0x0000000703400000| PB 0x0000000703400000| Untracked 
|   9|0x0000000703600000, 0x0000000703600000, 0x0000000703800000|  0%| F|  |TAMS 0x0000000703600000| PB 0x0000000703600000| Untracked 
|  10|0x0000000703800000, 0x0000000703800000, 0x0000000703a00000|  0%| F|  |TAMS 0x0000000703800000| PB 0x0000000703800000| Untracked 
|  11|0x0000000703a00000, 0x0000000703a00000, 0x0000000703c00000|  0%| F|  |TAMS 0x0000000703a00000| PB 0x0000000703a00000| Untracked 
|  12|0x0000000703c00000, 0x0000000703c00000, 0x0000000703e00000|  0%| F|  |TAMS 0x0000000703c00000| PB 0x0000000703c00000| Untracked 
|  13|0x0000000703e00000, 0x0000000703e00000, 0x0000000704000000|  0%| F|  |TAMS 0x0000000703e00000| PB 0x0000000703e00000| Untracked 
|  14|0x0000000704000000, 0x0000000704000000, 0x0000000704200000|  0%| F|  |TAMS 0x0000000704000000| PB 0x0000000704000000| Untracked 
|  15|0x0000000704200000, 0x0000000704200000, 0x0000000704400000|  0%| F|  |TAMS 0x0000000704200000| PB 0x0000000704200000| Untracked 
|  16|0x0000000704400000, 0x0000000704400000, 0x0000000704600000|  0%| F|  |TAMS 0x0000000704400000| PB 0x0000000704400000| Untracked 
|  17|0x0000000704600000, 0x0000000704600000, 0x0000000704800000|  0%| F|  |TAMS 0x0000000704600000| PB 0x0000000704600000| Untracked 
|  18|0x0000000704800000, 0x0000000704800000, 0x0000000704a00000|  0%| F|  |TAMS 0x0000000704800000| PB 0x0000000704800000| Untracked 
|  19|0x0000000704a00000, 0x0000000704a00000, 0x0000000704c00000|  0%| F|  |TAMS 0x0000000704a00000| PB 0x0000000704a00000| Untracked 
|  20|0x0000000704c00000, 0x0000000704c00000, 0x0000000704e00000|  0%| F|  |TAMS 0x0000000704c00000| PB 0x0000000704c00000| Untracked 
|  21|0x0000000704e00000, 0x0000000704e00000, 0x0000000705000000|  0%| F|  |TAMS 0x0000000704e00000| PB 0x0000000704e00000| Untracked 
|  22|0x0000000705000000, 0x0000000705000000, 0x0000000705200000|  0%| F|  |TAMS 0x0000000705000000| PB 0x0000000705000000| Untracked 
|  23|0x0000000705200000, 0x0000000705200000, 0x0000000705400000|  0%| F|  |TAMS 0x0000000705200000| PB 0x0000000705200000| Untracked 
|  24|0x0000000705400000, 0x0000000705400000, 0x0000000705600000|  0%| F|  |TAMS 0x0000000705400000| PB 0x0000000705400000| Untracked 
|  25|0x0000000705600000, 0x0000000705600000, 0x0000000705800000|  0%| F|  |TAMS 0x0000000705600000| PB 0x0000000705600000| Untracked 
|  26|0x0000000705800000, 0x0000000705800000, 0x0000000705a00000|  0%| F|  |TAMS 0x0000000705800000| PB 0x0000000705800000| Untracked 
|  27|0x0000000705a00000, 0x0000000705a00000, 0x0000000705c00000|  0%| F|  |TAMS 0x0000000705a00000| PB 0x0000000705a00000| Untracked 
|  28|0x0000000705c00000, 0x0000000705c00000, 0x0000000705e00000|  0%| F|  |TAMS 0x0000000705c00000| PB 0x0000000705c00000| Untracked 
|  29|0x0000000705e00000, 0x0000000705e00000, 0x0000000706000000|  0%| F|  |TAMS 0x0000000705e00000| PB 0x0000000705e00000| Untracked 
|  30|0x0000000706000000, 0x0000000706000000, 0x0000000706200000|  0%| F|  |TAMS 0x0000000706000000| PB 0x0000000706000000| Untracked 
|  31|0x0000000706200000, 0x0000000706200000, 0x0000000706400000|  0%| F|  |TAMS 0x0000000706200000| PB 0x0000000706200000| Untracked 
|  32|0x0000000706400000, 0x0000000706400000, 0x0000000706600000|  0%| F|  |TAMS 0x0000000706400000| PB 0x0000000706400000| Untracked 
|  33|0x0000000706600000, 0x0000000706600000, 0x0000000706800000|  0%| F|  |TAMS 0x0000000706600000| PB 0x0000000706600000| Untracked 
|  34|0x0000000706800000, 0x0000000706800000, 0x0000000706a00000|  0%| F|  |TAMS 0x0000000706800000| PB 0x0000000706800000| Untracked 
|  35|0x0000000706a00000, 0x0000000706a00000, 0x0000000706c00000|  0%| F|  |TAMS 0x0000000706a00000| PB 0x0000000706a00000| Untracked 
|  36|0x0000000706c00000, 0x0000000706c00000, 0x0000000706e00000|  0%| F|  |TAMS 0x0000000706c00000| PB 0x0000000706c00000| Untracked 
|  37|0x0000000706e00000, 0x0000000706e00000, 0x0000000707000000|  0%| F|  |TAMS 0x0000000706e00000| PB 0x0000000706e00000| Untracked 
|  38|0x0000000707000000, 0x0000000707000000, 0x0000000707200000|  0%| F|  |TAMS 0x0000000707000000| PB 0x0000000707000000| Untracked 
|  39|0x0000000707200000, 0x0000000707200000, 0x0000000707400000|  0%| F|  |TAMS 0x0000000707200000| PB 0x0000000707200000| Untracked 
|  40|0x0000000707400000, 0x0000000707400000, 0x0000000707600000|  0%| F|  |TAMS 0x0000000707400000| PB 0x0000000707400000| Untracked 
|  41|0x0000000707600000, 0x0000000707600000, 0x0000000707800000|  0%| F|  |TAMS 0x0000000707600000| PB 0x0000000707600000| Untracked 
|  42|0x0000000707800000, 0x0000000707800000, 0x0000000707a00000|  0%| F|  |TAMS 0x0000000707800000| PB 0x0000000707800000| Untracked 
|  43|0x0000000707a00000, 0x0000000707a00000, 0x0000000707c00000|  0%| F|  |TAMS 0x0000000707a00000| PB 0x0000000707a00000| Untracked 
|  44|0x0000000707c00000, 0x0000000707c00000, 0x0000000707e00000|  0%| F|  |TAMS 0x0000000707c00000| PB 0x0000000707c00000| Untracked 
|  45|0x0000000707e00000, 0x0000000707e00000, 0x0000000708000000|  0%| F|  |TAMS 0x0000000707e00000| PB 0x0000000707e00000| Untracked 
|  46|0x0000000708000000, 0x0000000708000000, 0x0000000708200000|  0%| F|  |TAMS 0x0000000708000000| PB 0x0000000708000000| Untracked 
|  47|0x0000000708200000, 0x0000000708200000, 0x0000000708400000|  0%| F|  |TAMS 0x0000000708200000| PB 0x0000000708200000| Untracked 
|  48|0x0000000708400000, 0x0000000708400000, 0x0000000708600000|  0%| F|  |TAMS 0x0000000708400000| PB 0x0000000708400000| Untracked 
|  49|0x0000000708600000, 0x0000000708600000, 0x0000000708800000|  0%| F|  |TAMS 0x0000000708600000| PB 0x0000000708600000| Untracked 
|  50|0x0000000708800000, 0x0000000708800000, 0x0000000708a00000|  0%| F|  |TAMS 0x0000000708800000| PB 0x0000000708800000| Untracked 
|  51|0x0000000708a00000, 0x0000000708a00000, 0x0000000708c00000|  0%| F|  |TAMS 0x0000000708a00000| PB 0x0000000708a00000| Untracked 
|  52|0x0000000708c00000, 0x0000000708c00000, 0x0000000708e00000|  0%| F|  |TAMS 0x0000000708c00000| PB 0x0000000708c00000| Untracked 
|  53|0x0000000708e00000, 0x0000000708e00000, 0x0000000709000000|  0%| F|  |TAMS 0x0000000708e00000| PB 0x0000000708e00000| Untracked 
|  54|0x0000000709000000, 0x0000000709000000, 0x0000000709200000|  0%| F|  |TAMS 0x0000000709000000| PB 0x0000000709000000| Untracked 
|  55|0x0000000709200000, 0x0000000709200000, 0x0000000709400000|  0%| F|  |TAMS 0x0000000709200000| PB 0x0000000709200000| Untracked 
|  56|0x0000000709400000, 0x0000000709400000, 0x0000000709600000|  0%| F|  |TAMS 0x0000000709400000| PB 0x0000000709400000| Untracked 
|  57|0x0000000709600000, 0x0000000709600000, 0x0000000709800000|  0%| F|  |TAMS 0x0000000709600000| PB 0x0000000709600000| Untracked 
|  58|0x0000000709800000, 0x0000000709800000, 0x0000000709a00000|  0%| F|  |TAMS 0x0000000709800000| PB 0x0000000709800000| Untracked 
|  59|0x0000000709a00000, 0x0000000709a00000, 0x0000000709c00000|  0%| F|  |TAMS 0x0000000709a00000| PB 0x0000000709a00000| Untracked 
|  60|0x0000000709c00000, 0x0000000709c00000, 0x0000000709e00000|  0%| F|  |TAMS 0x0000000709c00000| PB 0x0000000709c00000| Untracked 
|  61|0x0000000709e00000, 0x0000000709e00000, 0x000000070a000000|  0%| F|  |TAMS 0x0000000709e00000| PB 0x0000000709e00000| Untracked 
|  62|0x000000070a000000, 0x000000070a000000, 0x000000070a200000|  0%| F|  |TAMS 0x000000070a000000| PB 0x000000070a000000| Untracked 
|  63|0x000000070a200000, 0x000000070a200000, 0x000000070a400000|  0%| F|  |TAMS 0x000000070a200000| PB 0x000000070a200000| Untracked 
|  64|0x000000070a400000, 0x000000070a400000, 0x000000070a600000|  0%| F|  |TAMS 0x000000070a400000| PB 0x000000070a400000| Untracked 
|  65|0x000000070a600000, 0x000000070a600000, 0x000000070a800000|  0%| F|  |TAMS 0x000000070a600000| PB 0x000000070a600000| Untracked 
|  66|0x000000070a800000, 0x000000070a800000, 0x000000070aa00000|  0%| F|  |TAMS 0x000000070a800000| PB 0x000000070a800000| Untracked 
|  67|0x000000070aa00000, 0x000000070aa00000, 0x000000070ac00000|  0%| F|  |TAMS 0x000000070aa00000| PB 0x000000070aa00000| Untracked 
|  68|0x000000070ac00000, 0x000000070ac00000, 0x000000070ae00000|  0%| F|  |TAMS 0x000000070ac00000| PB 0x000000070ac00000| Untracked 
|  69|0x000000070ae00000, 0x000000070ae00000, 0x000000070b000000|  0%| F|  |TAMS 0x000000070ae00000| PB 0x000000070ae00000| Untracked 
|  70|0x000000070b000000, 0x000000070b000000, 0x000000070b200000|  0%| F|  |TAMS 0x000000070b000000| PB 0x000000070b000000| Untracked 
|  71|0x000000070b200000, 0x000000070b200000, 0x000000070b400000|  0%| F|  |TAMS 0x000000070b200000| PB 0x000000070b200000| Untracked 
|  72|0x000000070b400000, 0x000000070b400000, 0x000000070b600000|  0%| F|  |TAMS 0x000000070b400000| PB 0x000000070b400000| Untracked 
|  73|0x000000070b600000, 0x000000070b600000, 0x000000070b800000|  0%| F|  |TAMS 0x000000070b600000| PB 0x000000070b600000| Untracked 
|  74|0x000000070b800000, 0x000000070b800000, 0x000000070ba00000|  0%| F|  |TAMS 0x000000070b800000| PB 0x000000070b800000| Untracked 
|  75|0x000000070ba00000, 0x000000070ba00000, 0x000000070bc00000|  0%| F|  |TAMS 0x000000070ba00000| PB 0x000000070ba00000| Untracked 
|  76|0x000000070bc00000, 0x000000070bc00000, 0x000000070be00000|  0%| F|  |TAMS 0x000000070bc00000| PB 0x000000070bc00000| Untracked 
|  77|0x000000070be00000, 0x000000070be00000, 0x000000070c000000|  0%| F|  |TAMS 0x000000070be00000| PB 0x000000070be00000| Untracked 
|  78|0x000000070c000000, 0x000000070c000000, 0x000000070c200000|  0%| F|  |TAMS 0x000000070c000000| PB 0x000000070c000000| Untracked 
|  79|0x000000070c200000, 0x000000070c200000, 0x000000070c400000|  0%| F|  |TAMS 0x000000070c200000| PB 0x000000070c200000| Untracked 
|  80|0x000000070c400000, 0x000000070c400000, 0x000000070c600000|  0%| F|  |TAMS 0x000000070c400000| PB 0x000000070c400000| Untracked 
|  81|0x000000070c600000, 0x000000070c600000, 0x000000070c800000|  0%| F|  |TAMS 0x000000070c600000| PB 0x000000070c600000| Untracked 
|  82|0x000000070c800000, 0x000000070c800000, 0x000000070ca00000|  0%| F|  |TAMS 0x000000070c800000| PB 0x000000070c800000| Untracked 
|  83|0x000000070ca00000, 0x000000070ca00000, 0x000000070cc00000|  0%| F|  |TAMS 0x000000070ca00000| PB 0x000000070ca00000| Untracked 
|  84|0x000000070cc00000, 0x000000070cc00000, 0x000000070ce00000|  0%| F|  |TAMS 0x000000070cc00000| PB 0x000000070cc00000| Untracked 
|  85|0x000000070ce00000, 0x000000070ce00000, 0x000000070d000000|  0%| F|  |TAMS 0x000000070ce00000| PB 0x000000070ce00000| Untracked 
|  86|0x000000070d000000, 0x000000070d000000, 0x000000070d200000|  0%| F|  |TAMS 0x000000070d000000| PB 0x000000070d000000| Untracked 
|  87|0x000000070d200000, 0x000000070d200000, 0x000000070d400000|  0%| F|  |TAMS 0x000000070d200000| PB 0x000000070d200000| Untracked 
|  88|0x000000070d400000, 0x000000070d400000, 0x000000070d600000|  0%| F|  |TAMS 0x000000070d400000| PB 0x000000070d400000| Untracked 
|  89|0x000000070d600000, 0x000000070d600000, 0x000000070d800000|  0%| F|  |TAMS 0x000000070d600000| PB 0x000000070d600000| Untracked 
|  90|0x000000070d800000, 0x000000070d800000, 0x000000070da00000|  0%| F|  |TAMS 0x000000070d800000| PB 0x000000070d800000| Untracked 
|  91|0x000000070da00000, 0x000000070da00000, 0x000000070dc00000|  0%| F|  |TAMS 0x000000070da00000| PB 0x000000070da00000| Untracked 
|  92|0x000000070dc00000, 0x000000070dc00000, 0x000000070de00000|  0%| F|  |TAMS 0x000000070dc00000| PB 0x000000070dc00000| Untracked 
|  93|0x000000070de00000, 0x000000070de00000, 0x000000070e000000|  0%| F|  |TAMS 0x000000070de00000| PB 0x000000070de00000| Untracked 
|  94|0x000000070e000000, 0x000000070e000000, 0x000000070e200000|  0%| F|  |TAMS 0x000000070e000000| PB 0x000000070e000000| Untracked 
|  95|0x000000070e200000, 0x000000070e200000, 0x000000070e400000|  0%| F|  |TAMS 0x000000070e200000| PB 0x000000070e200000| Untracked 
|  96|0x000000070e400000, 0x000000070e400000, 0x000000070e600000|  0%| F|  |TAMS 0x000000070e400000| PB 0x000000070e400000| Untracked 
|  97|0x000000070e600000, 0x000000070e600000, 0x000000070e800000|  0%| F|  |TAMS 0x000000070e600000| PB 0x000000070e600000| Untracked 
|  98|0x000000070e800000, 0x000000070e800000, 0x000000070ea00000|  0%| F|  |TAMS 0x000000070e800000| PB 0x000000070e800000| Untracked 
|  99|0x000000070ea00000, 0x000000070ea00000, 0x000000070ec00000|  0%| F|  |TAMS 0x000000070ea00000| PB 0x000000070ea00000| Untracked 
| 100|0x000000070ec00000, 0x000000070ec00000, 0x000000070ee00000|  0%| F|  |TAMS 0x000000070ec00000| PB 0x000000070ec00000| Untracked 
| 101|0x000000070ee00000, 0x000000070ee00000, 0x000000070f000000|  0%| F|  |TAMS 0x000000070ee00000| PB 0x000000070ee00000| Untracked 
| 102|0x000000070f000000, 0x000000070f000000, 0x000000070f200000|  0%| F|  |TAMS 0x000000070f000000| PB 0x000000070f000000| Untracked 
| 103|0x000000070f200000, 0x000000070f200000, 0x000000070f400000|  0%| F|  |TAMS 0x000000070f200000| PB 0x000000070f200000| Untracked 
| 104|0x000000070f400000, 0x000000070f400000, 0x000000070f600000|  0%| F|  |TAMS 0x000000070f400000| PB 0x000000070f400000| Untracked 
| 105|0x000000070f600000, 0x000000070f600000, 0x000000070f800000|  0%| F|  |TAMS 0x000000070f600000| PB 0x000000070f600000| Untracked 
| 106|0x000000070f800000, 0x000000070f800000, 0x000000070fa00000|  0%| F|  |TAMS 0x000000070f800000| PB 0x000000070f800000| Untracked 
| 107|0x000000070fa00000, 0x000000070fa00000, 0x000000070fc00000|  0%| F|  |TAMS 0x000000070fa00000| PB 0x000000070fa00000| Untracked 
| 108|0x000000070fc00000, 0x000000070fc00000, 0x000000070fe00000|  0%| F|  |TAMS 0x000000070fc00000| PB 0x000000070fc00000| Untracked 
| 109|0x000000070fe00000, 0x000000070fe00000, 0x0000000710000000|  0%| F|  |TAMS 0x000000070fe00000| PB 0x000000070fe00000| Untracked 
| 110|0x0000000710000000, 0x0000000710000000, 0x0000000710200000|  0%| F|  |TAMS 0x0000000710000000| PB 0x0000000710000000| Untracked 
| 111|0x0000000710200000, 0x0000000710200000, 0x0000000710400000|  0%| F|  |TAMS 0x0000000710200000| PB 0x0000000710200000| Untracked 
| 112|0x0000000710400000, 0x0000000710400000, 0x0000000710600000|  0%| F|  |TAMS 0x0000000710400000| PB 0x0000000710400000| Untracked 
| 113|0x0000000710600000, 0x0000000710600000, 0x0000000710800000|  0%| F|  |TAMS 0x0000000710600000| PB 0x0000000710600000| Untracked 
| 114|0x0000000710800000, 0x0000000710800000, 0x0000000710a00000|  0%| F|  |TAMS 0x0000000710800000| PB 0x0000000710800000| Untracked 
| 115|0x0000000710a00000, 0x0000000710a00000, 0x0000000710c00000|  0%| F|  |TAMS 0x0000000710a00000| PB 0x0000000710a00000| Untracked 
| 116|0x0000000710c00000, 0x0000000710c00000, 0x0000000710e00000|  0%| F|  |TAMS 0x0000000710c00000| PB 0x0000000710c00000| Untracked 
| 117|0x0000000710e00000, 0x0000000710e00000, 0x0000000711000000|  0%| F|  |TAMS 0x0000000710e00000| PB 0x0000000710e00000| Untracked 
| 118|0x0000000711000000, 0x0000000711000000, 0x0000000711200000|  0%| F|  |TAMS 0x0000000711000000| PB 0x0000000711000000| Untracked 
| 119|0x0000000711200000, 0x0000000711200000, 0x0000000711400000|  0%| F|  |TAMS 0x0000000711200000| PB 0x0000000711200000| Untracked 
| 120|0x0000000711400000, 0x0000000711400000, 0x0000000711600000|  0%| F|  |TAMS 0x0000000711400000| PB 0x0000000711400000| Untracked 
| 121|0x0000000711600000, 0x0000000711600000, 0x0000000711800000|  0%| F|  |TAMS 0x0000000711600000| PB 0x0000000711600000| Untracked 
| 122|0x0000000711800000, 0x0000000711800000, 0x0000000711a00000|  0%| F|  |TAMS 0x0000000711800000| PB 0x0000000711800000| Untracked 
| 123|0x0000000711a00000, 0x0000000711a00000, 0x0000000711c00000|  0%| F|  |TAMS 0x0000000711a00000| PB 0x0000000711a00000| Untracked 
| 124|0x0000000711c00000, 0x0000000711c00000, 0x0000000711e00000|  0%| F|  |TAMS 0x0000000711c00000| PB 0x0000000711c00000| Untracked 
| 125|0x0000000711e00000, 0x0000000711ee45e8, 0x0000000712000000| 44%| E|  |TAMS 0x0000000711e00000| PB 0x0000000711e00000| Complete 
| 126|0x0000000712000000, 0x0000000712200000, 0x0000000712200000|100%| E|CS|TAMS 0x0000000712000000| PB 0x0000000712000000| Complete 

Card table byte_map: [0x00000283e3dd0000,0x00000283e45c0000] _byte_map_base: 0x00000283e05be000

Marking Bits: (CMBitMap*) 0x00000283cb5f74f0
 Bits: [0x00000283e45c0000, 0x00000283e8530000)

Polling page: 0x00000283c9330000

Metaspace:

Usage:
  Non-class:      4.91 MB used.
      Class:    443.64 KB used.
       Both:      5.34 MB used.

Virtual space:
  Non-class space:       64.00 MB reserved,       4.94 MB (  8%) committed,  1 nodes.
      Class space:        1.00 GB reserved,     512.00 KB ( <1%) committed,  1 nodes.
             Both:        1.06 GB reserved,       5.44 MB ( <1%) committed. 

Chunk freelists:
   Non-Class:  10.96 MB
       Class:  15.55 MB
        Both:  26.52 MB

MaxMetaspaceSize: unlimited
CompressedClassSpaceSize: 1.00 GB
Initial GC threshold: 21.00 MB
Current GC threshold: 21.00 MB
CDS: off
 - commit_granule_bytes: 65536.
 - commit_granule_words: 8192.
 - virtual_space_node_default_size: 8388608.
 - enlarge_chunks_in_place: 1.
 - use_allocation_guard: 0.


Internal statistics:

num_allocs_failed_limit: 0.
num_arena_births: 4.
num_arena_deaths: 0.
num_vsnodes_births: 2.
num_vsnodes_deaths: 0.
num_space_committed: 87.
num_space_uncommitted: 0.
num_chunks_returned_to_freelist: 0.
num_chunks_taken_from_freelist: 13.
num_chunk_merges: 0.
num_chunk_splits: 7.
num_chunks_enlarged: 4.
num_inconsistent_stats: 0.

CodeHeap 'non-profiled nmethods': size=120000Kb used=19Kb max_used=19Kb free=119980Kb
 bounds [0x00000283db730000, 0x00000283db9a0000, 0x00000283e2c60000]
CodeHeap 'profiled nmethods': size=120000Kb used=109Kb max_used=109Kb free=119890Kb
 bounds [0x00000283d3c60000, 0x00000283d3ed0000, 0x00000283db190000]
CodeHeap 'non-nmethods': size=5760Kb used=1212Kb max_used=1212Kb free=4547Kb
 bounds [0x00000283db190000, 0x00000283db400000, 0x00000283db730000]
 total_blobs=429 nmethods=89 adapters=245
 compilation: enabled
              stopped_count=0, restarted_count=0
 full_count=0

Compilation events (20 events):
Event: 3.387 Thread 0x00000283eaf95490   79       3       java.lang.String::indexOf (7 bytes)
Event: 3.387 Thread 0x00000283eaf95490 nmethod 79 0x00000283d3c77f90 code [0x00000283d3c78140, 0x00000283d3c78280]
Event: 3.409 Thread 0x00000283eaf95490   80       3       java.util.zip.ZipUtils::SH (21 bytes)
Event: 3.409 Thread 0x00000283eaf95490 nmethod 80 0x00000283d3c78310 code [0x00000283d3c784c0, 0x00000283d3c78608]
Event: 4.455 Thread 0x00000283eaf95490   81       3       jdk.internal.util.Preconditions::checkIndex (18 bytes)
Event: 4.455 Thread 0x00000283eaf95490 nmethod 81 0x00000283d3c78710 code [0x00000283d3c788c0, 0x00000283d3c78a50]
Event: 4.462 Thread 0x00000283eaf95490   83       3       jdk.internal.misc.Unsafe::pickPos (14 bytes)
Event: 4.462 Thread 0x00000283eaf95490 nmethod 83 0x00000283d3c78b10 code [0x00000283d3c78ca0, 0x00000283d3c78da0]
Event: 4.462 Thread 0x00000283eaf95490   84       3       jdk.internal.misc.Unsafe::toUnsignedLong (7 bytes)
Event: 4.462 Thread 0x00000283eaf95490 nmethod 84 0x00000283d3c78e10 code [0x00000283d3c78fa0, 0x00000283d3c790a0]
Event: 4.463 Thread 0x00000283eaf95490   85       3       java.lang.String::getBytes (44 bytes)
Event: 4.463 Thread 0x00000283eaf95490 nmethod 85 0x00000283d3c79110 code [0x00000283d3c792e0, 0x00000283d3c795f0]
Event: 4.463 Thread 0x00000283eaf95490   86       3       java.lang.StringCoding::countPositives (33 bytes)
Event: 4.463 Thread 0x00000283eaf95490 nmethod 86 0x00000283d3c79710 code [0x00000283d3c798c0, 0x00000283d3c79ae0]
Event: 4.463 Thread 0x00000283eaf95490   87       3       java.util.Arrays::copyOfRange (25 bytes)
Event: 4.463 Thread 0x00000283eaf95490 nmethod 87 0x00000283d3c79c10 code [0x00000283d3c79ec0, 0x00000283d3c7aa80]
Event: 4.466 Thread 0x00000283eaf95490   88       3       sun.nio.fs.WindowsPathParser::isSlash (18 bytes)
Event: 4.466 Thread 0x00000283eaf95490 nmethod 88 0x00000283d3c7af10 code [0x00000283d3c7b0a0, 0x00000283d3c7b210]
Event: 4.466 Thread 0x00000283eaf95490   89       3       sun.nio.fs.WindowsPathParser::isInvalidPathChar (22 bytes)
Event: 4.466 Thread 0x00000283eaf95490 nmethod 89 0x00000283d3c7b290 code [0x00000283d3c7b440, 0x00000283d3c7b658]

GC Heap History (0 events):
No events

Dll operation events (5 events):
Event: 0.137 Loaded shared library C:\Users\ASUS\.jdks\ms-21.0.7\bin\java.dll
Event: 2.307 Loaded shared library C:\Users\ASUS\.jdks\ms-21.0.7\bin\jsvml.dll
Event: 3.392 Loaded shared library C:\Users\ASUS\.jdks\ms-21.0.7\bin\net.dll
Event: 3.403 Loaded shared library C:\Users\ASUS\.jdks\ms-21.0.7\bin\nio.dll
Event: 4.447 Loaded shared library C:\Users\ASUS\.jdks\ms-21.0.7\bin\zip.dll

Deoptimization events (0 events):
No events

Classes loaded (20 events):
Event: 4.470 Loading class java/nio/channels/Channel
Event: 4.470 Loading class java/nio/channels/Channel done
Event: 4.470 Loading class java/nio/channels/ReadableByteChannel done
Event: 4.470 Loading class java/nio/channels/WritableByteChannel
Event: 4.470 Loading class java/nio/channels/WritableByteChannel done
Event: 4.470 Loading class java/nio/channels/ByteChannel done
Event: 4.470 Loading class java/nio/channels/SeekableByteChannel done
Event: 4.470 Loading class java/nio/channels/GatheringByteChannel
Event: 4.470 Loading class java/nio/channels/GatheringByteChannel done
Event: 4.470 Loading class java/nio/channels/ScatteringByteChannel
Event: 4.470 Loading class java/nio/channels/ScatteringByteChannel done
Event: 4.470 Loading class java/nio/channels/spi/AbstractInterruptibleChannel
Event: 4.470 Loading class java/nio/channels/InterruptibleChannel
Event: 4.470 Loading class java/nio/channels/InterruptibleChannel done
Event: 4.470 Loading class java/nio/channels/spi/AbstractInterruptibleChannel done
Event: 4.470 Loading class java/nio/channels/FileChannel done
Event: 4.470 Loading class sun/nio/ch/FileChannelImpl done
Event: 4.471 Loading class sun/nio/ch/FileDispatcherImpl
Event: 4.471 Loading class sun/nio/ch/FileDispatcher
Event: 4.471 Loading class sun/nio/ch/NativeDispatcher

Classes unloaded (0 events):
No events

Classes redefined (0 events):
No events

Internal exceptions (0 events):
No events

ZGC Phase Switch (0 events):
No events

VM Operations (7 events):
Event: 3.297 Executing VM operation: Cleanup
Event: 3.377 Executing VM operation: Cleanup done
Event: 4.377 Executing VM operation: Cleanup
Event: 4.440 Executing VM operation: Cleanup done
Event: 4.452 Executing VM operation: HandshakeAllThreads (Deoptimize)
Event: 4.452 Executing VM operation: HandshakeAllThreads (Deoptimize) done
Event: 5.466 Executing VM operation: Cleanup

Memory protections (0 events):
No events

Nmethod flushes (0 events):
No events

Events (11 events):
Event: 1.263 Thread 0x00000283cb5f6e80 Thread added: 0x00000283cb5f6e80
Event: 1.294 Thread 0x00000283cb5f6e80 Thread added: 0x00000283eaf23130
Event: 1.294 Thread 0x00000283cb5f6e80 Thread added: 0x00000283eaf23f80
Event: 2.304 Thread 0x00000283cb5f6e80 Thread added: 0x00000283eaf55200
Event: 2.304 Thread 0x00000283cb5f6e80 Thread added: 0x00000283eaf4e3e0
Event: 2.304 Thread 0x00000283cb5f6e80 Thread added: 0x00000283eaf71fe0
Event: 2.304 Thread 0x00000283cb5f6e80 Thread added: 0x00000283eaf7aa40
Event: 2.304 Thread 0x00000283cb5f6e80 Thread added: 0x00000283eaf8b4a0
Event: 2.304 Thread 0x00000283cb5f6e80 Thread added: 0x00000283eaf95490
Event: 2.338 Thread 0x00000283cb5f6e80 Thread added: 0x00000283eb120690
Event: 2.346 Thread 0x00000283cb5f6e80 Thread added: 0x00000283eb12a440


Dynamic libraries:
0x00007ff619c80000 - 0x00007ff619c8e000 	C:\Users\ASUS\.jdks\ms-21.0.7\bin\java.exe
0x00007fff157a0000 - 0x00007fff15a07000 	C:\WINDOWS\SYSTEM32\ntdll.dll
0x00007fff136e0000 - 0x00007fff137a9000 	C:\WINDOWS\System32\KERNEL32.DLL
0x00007fff122b0000 - 0x00007fff126a7000 	C:\WINDOWS\System32\KERNELBASE.dll
0x00007ffedba90000 - 0x00007ffedbb3e000 	d:\Trae\resources\app\modules\sandbox\x64\trae_sbox.dll
0x00007fff13520000 - 0x00007fff135d6000 	C:\WINDOWS\System32\ADVAPI32.dll
0x00007fff14510000 - 0x00007fff145b9000 	C:\WINDOWS\System32\msvcrt.dll
0x00007fff142b0000 - 0x00007fff14357000 	C:\WINDOWS\System32\sechost.dll
0x00007fff14150000 - 0x00007fff14268000 	C:\WINDOWS\System32\RPCRT4.dll
0x00007fff132a0000 - 0x00007fff133eb000 	C:\WINDOWS\System32\ucrtbase.dll
0x00007ffef1000000 - 0x00007ffef101d000 	C:\Users\ASUS\.jdks\ms-21.0.7\bin\VCRUNTIME140.dll
0x00007ffef0fe0000 - 0x00007ffef0ff8000 	C:\Users\ASUS\.jdks\ms-21.0.7\bin\jli.dll
0x00007fff13d60000 - 0x00007fff13f26000 	C:\WINDOWS\System32\USER32.dll
0x00007fff00cb0000 - 0x00007fff00f42000 	C:\WINDOWS\WinSxS\amd64_microsoft.windows.common-controls_6595b64144ccf1df_6.0.26100.8328_none_3e08182ce334b678\COMCTL32.dll
0x00007fff12280000 - 0x00007fff122a7000 	C:\WINDOWS\System32\win32u.dll
0x00007fff13f30000 - 0x00007fff13f5b000 	C:\WINDOWS\System32\GDI32.dll
0x00007fff133f0000 - 0x00007fff1351c000 	C:\WINDOWS\System32\gdi32full.dll
0x00007fff121d0000 - 0x00007fff12273000 	C:\WINDOWS\System32\msvcp_win.dll
0x00007ffedffe0000 - 0x00007ffee006f000 	d:\Trae\resources\app\modules\sandbox\x64\sbox_ipc.dll
0x00007fff14270000 - 0x00007fff142a2000 	C:\WINDOWS\System32\IMM32.DLL
0x00007fff10060000 - 0x00007fff102a2000 	C:\WINDOWS\SYSTEM32\dbghelp.dll
0x00007fff14830000 - 0x00007fff14bb3000 	C:\WINDOWS\System32\combase.dll
0x00007fff146d0000 - 0x00007fff147a9000 	C:\WINDOWS\System32\OLEAUT32.dll
0x00007fff00690000 - 0x00007fff006cb000 	C:\WINDOWS\SYSTEM32\dbgcore.DLL
0x00007ffef2410000 - 0x00007ffef241c000 	C:\Users\ASUS\.jdks\ms-21.0.7\bin\vcruntime140_1.dll
0x00007ffed7b30000 - 0x00007ffed7bbd000 	C:\Users\ASUS\.jdks\ms-21.0.7\bin\msvcp140.dll
0x00007ffe59170000 - 0x00007ffe59f08000 	C:\Users\ASUS\.jdks\ms-21.0.7\bin\server\jvm.dll
0x00007fff15690000 - 0x00007fff15710000 	C:\WINDOWS\System32\WS2_32.dll
0x00007fff12030000 - 0x00007fff1208e000 	C:\WINDOWS\SYSTEM32\POWRPROF.dll
0x00007fff02f50000 - 0x00007fff02f86000 	C:\WINDOWS\SYSTEM32\WINMM.dll
0x00007fff0a540000 - 0x00007fff0a54b000 	C:\WINDOWS\SYSTEM32\VERSION.dll
0x00007fff12010000 - 0x00007fff12024000 	C:\WINDOWS\SYSTEM32\UMPDC.dll
0x00007fff10f20000 - 0x00007fff10f3b000 	C:\WINDOWS\SYSTEM32\kernel.appcore.dll
0x00007ffef1ed0000 - 0x00007ffef1eda000 	C:\Users\ASUS\.jdks\ms-21.0.7\bin\jimage.dll
0x00007fff131f0000 - 0x00007fff13298000 	C:\WINDOWS\System32\bcryptPrimitives.dll
0x00007fff109a0000 - 0x00007fff10ad2000 	C:\WINDOWS\SYSTEM32\dnsapi.dll
0x00007fff10910000 - 0x00007fff10942000 	C:\WINDOWS\SYSTEM32\IPHLPAPI.DLL
0x00007fff15720000 - 0x00007fff1572a000 	C:\WINDOWS\System32\NSI.dll
0x00007fff14db0000 - 0x00007fff1551e000 	C:\WINDOWS\System32\Shell32.dll
0x00007fff126b0000 - 0x00007fff12f1c000 	C:\WINDOWS\System32\windows.storage.dll
0x00007fff135e0000 - 0x00007fff136d6000 	C:\WINDOWS\System32\shcore.dll
0x00007fff0f810000 - 0x00007fff0f8ba000 	C:\WINDOWS\system32\uxtheme.dll
0x00007fff14d20000 - 0x00007fff14d86000 	C:\WINDOWS\System32\shlwapi.dll
0x00007fff137c0000 - 0x00007fff1386e000 	C:\WINDOWS\System32\clbcatq.dll
0x00007fff055d0000 - 0x00007fff05c24000 	C:\Windows\System32\OneCoreUAPCommonProxyStub.dll
0x00007fff14360000 - 0x00007fff144f7000 	C:\WINDOWS\System32\ole32.dll
0x00007fff11d40000 - 0x00007fff11d91000 	C:\WINDOWS\SYSTEM32\CFGMGR32.dll
0x00007fff0d3f0000 - 0x00007fff0d4f6000 	C:\WINDOWS\system32\propsys.dll
0x00007fff0b7c0000 - 0x00007fff0b99d000 	C:\Windows\System32\urlmon.dll
0x00007fff0b140000 - 0x00007fff0b404000 	C:\Windows\System32\iertutil.dll
0x00007fff0a9a0000 - 0x00007fff0a9c9000 	C:\Windows\System32\srvcli.dll
0x00007fff10900000 - 0x00007fff1090d000 	C:\Windows\System32\netutils.dll
0x00007ffeefc50000 - 0x00007ffeefdc8000 	C:\Windows\System32\Windows.System.Launcher.dll
0x00007fff02480000 - 0x00007fff0249d000 	C:\WINDOWS\SYSTEM32\windows.staterepositorycore.dll
0x00007fff0cc50000 - 0x00007fff0cdba000 	C:\Windows\System32\wintypes.dll
0x00007ffef06d0000 - 0x00007ffef0794000 	C:\Windows\System32\Windows.StateRepositoryPS.dll
0x00007fff11040000 - 0x00007fff11076000 	C:\WINDOWS\SYSTEM32\ntmarta.dll
0x00007fff0ce50000 - 0x00007fff0cf10000 	C:\Windows\System32\Windows.FileExplorer.Common.dll
0x00007ffef31c0000 - 0x00007ffef31f2000 	C:\Windows\System32\cldapi.dll
0x00007fff111c0000 - 0x00007fff11209000 	C:\WINDOWS\SYSTEM32\SspiCli.dll
0x00007fff0f5e0000 - 0x00007fff0f680000 	C:\WINDOWS\SYSTEM32\apphelp.dll
0x00007fff120c0000 - 0x00007fff120ea000 	C:\WINDOWS\SYSTEM32\bcrypt.dll
0x00007fff120f0000 - 0x00007fff12119000 	C:\WINDOWS\SYSTEM32\profapi.dll
0x00007ffee02c0000 - 0x00007ffee02e0000 	C:\Users\ASUS\.jdks\ms-21.0.7\bin\java.dll
0x00007ffed7a50000 - 0x00007ffed7b26000 	C:\Users\ASUS\.jdks\ms-21.0.7\bin\jsvml.dll
0x00007ffef1720000 - 0x00007ffef1730000 	C:\Users\ASUS\.jdks\ms-21.0.7\bin\net.dll
0x00007fff0a7b0000 - 0x00007fff0a8d9000 	C:\WINDOWS\SYSTEM32\WINHTTP.dll
0x00007fff11470000 - 0x00007fff114dc000 	C:\WINDOWS\system32\mswsock.dll
0x00007ffedffc0000 - 0x00007ffedffd6000 	C:\Users\ASUS\.jdks\ms-21.0.7\bin\nio.dll
0x00007ffedffa0000 - 0x00007ffedffb8000 	C:\Users\ASUS\.jdks\ms-21.0.7\bin\zip.dll

dbghelp: loaded successfully - version: 4.0.5 - missing functions: none
symbol engine: initialized successfully - sym options: 0x614 - pdb path: .;C:\Users\ASUS\.jdks\ms-21.0.7\bin;C:\WINDOWS\SYSTEM32;d:\Trae\resources\app\modules\sandbox\x64;C:\WINDOWS\WinSxS\amd64_microsoft.windows.common-controls_6595b64144ccf1df_6.0.26100.8328_none_3e08182ce334b678;C:\Users\ASUS\.jdks\ms-21.0.7\bin\server

VM Arguments:
jvm_args: --enable-native-access=ALL-UNNAMED -Dclassworlds.conf=C:\Users\ASUS\.m2\wrapper\dists\apache-maven-3.9.14\ed7edd442f634ac1c1ef5ba2b61b6d690b5221091f1a8e1123f5fadcc967520d\bin\m2.conf -Dmaven.home=C:\Users\ASUS\.m2\wrapper\dists\apache-maven-3.9.14\ed7edd442f634ac1c1ef5ba2b61b6d690b5221091f1a8e1123f5fadcc967520d -Dlibrary.jansi.path=C:\Users\ASUS\.m2\wrapper\dists\apache-maven-3.9.14\ed7edd442f634ac1c1ef5ba2b61b6d690b5221091f1a8e1123f5fadcc967520d\lib\jansi-native -Dmaven.multiModuleProjectDirectory=C:\Users\ASUS\Downloads\TDPRO3finale\tdfinale 
java_command: org.codehaus.plexus.classworlds.launcher.Launcher clean compile
java_class_path (initial): C:\Users\ASUS\.m2\wrapper\dists\apache-maven-3.9.14\ed7edd442f634ac1c1ef5ba2b61b6d690b5221091f1a8e1123f5fadcc967520d\boot\plexus-classworlds-2.9.0.jar
Launcher Type: SUN_STANDARD

[Global flags]
     intx CICompilerCount                          = 4                                         {product} {ergonomic}
     uint ConcGCThreads                            = 2                                         {product} {ergonomic}
     uint G1ConcRefinementThreads                  = 8                                         {product} {ergonomic}
   size_t G1HeapRegionSize                         = 2097152                                   {product} {ergonomic}
    uintx GCDrainStackTargetSize                   = 64                                        {product} {ergonomic}
   size_t InitialHeapSize                          = 266338304                                 {product} {ergonomic}
   size_t MarkStackSize                            = 4194304                                   {product} {ergonomic}
   size_t MaxHeapSize                              = 4257218560                                {product} {ergonomic}
   size_t MaxNewSize                               = 2554331136                                {product} {ergonomic}
   size_t MinHeapDeltaBytes                        = 2097152                                   {product} {ergonomic}
   size_t MinHeapSize                              = 8388608                                   {product} {ergonomic}
    uintx NonNMethodCodeHeapSize                   = 5839372                                {pd product} {ergonomic}
    uintx NonProfiledCodeHeapSize                  = 122909434                              {pd product} {ergonomic}
    uintx ProfiledCodeHeapSize                     = 122909434                              {pd product} {ergonomic}
    uintx ReservedCodeCacheSize                    = 251658240                              {pd product} {ergonomic}
     bool SegmentedCodeCache                       = true                                      {product} {ergonomic}
   size_t SoftMaxHeapSize                          = 4257218560                             {manageable} {ergonomic}
     bool UseCompressedOops                        = true                           {product lp64_product} {ergonomic}
     bool UseG1GC                                  = true                                      {product} {ergonomic}
     bool UseLargePagesIndividualAllocation        = false                                  {pd product} {ergonomic}

Logging:
Log output configuration:
 #0: stdout all=warning uptime,level,tags foldmultilines=false
 #1: stderr all=off uptime,level,tags foldmultilines=false

Environment Variables:
JAVA_HOME=C:\Users\ASUS\.jdks\ms-21.0.7
PATH=c:\\Users\\ASUS\\.trae\\tools\\trae-gopls\\current;c:\\Users\\ASUS\\.trae\\sdks\\workspaces\\714cd8cf\\versions\\node\\current;c:\\Users\\ASUS\\.trae\\sdks\\versions\\node\\current;c:\Users\ASUS\.trae\tools\trae-gopls\current;c:\Users\ASUS\.trae\sdks\workspaces\714cd8cf\versions\node\current;c:\Users\ASUS\.trae\sdks\versions\node\current;C:\Users\ASUS\.jdks\ms-21.0.7\bin;C:\Program Files\Eclipse Adoptium\bin;C:\Program Files\Common Files\Oracle\Java\javapath;C:\Program Files (x86)\VMware\VMware Workstation\bin\;C:\WINDOWS\system32;C:\WINDOWS;C:\WINDOWS\System32\Wbem;C:\WINDOWS\System32\WindowsPowerShell\v1.0\;C:\WINDOWS\System32\OpenSSH\;C:\Program Files\dotnet\;C:\Program Files\nodejs\;C:\apache-maven-3.9.9;C:\mysql-9.3.0-winx64.zip\mysql-9.3.0-winx64;C:\Program Files\Git\cmd;C:\Program Files (x86)\NVIDIA Corporation\PhysX\Common;C:\Program Files\PowerShell\7\;D:\maven\apache-maven-3.9.14\bin;c:\Users\ASUS\Videos\Trae\bin;C:\Users\ASUS\AppData\Local\Programs\Python\Python313\Scripts\;C:\Users\ASUS\AppData\Local\Programs\Python\Python313\;C:\Users\ASUS\AppData\Local\Microsoft\WindowsApps;C:\Users\ASUS\AppData\Local\Muse Hub\lib;C:\Users\ASUS\AppData\Roaming\npm;C:\Users\ASUS\AppData\Local\Programs\Microsoft VS Code\bin;C:\Program Files\JetBrains\IntelliJ IDEA 2025.1.1.1\bin;C:\mysql-9.3.0-winx64\mysql-9.3.0-winx64;C:\Users\ASUS\.lmstudio\bin;D:\Windsurf\bin;C:\Users\ASUS\AppData\Local\GitHubDesktop\bin;C:\Users\ASUS\AppData\Local\Microsoft\WinGet\Packages\GitHub.Copilot_Microsoft.Winget.Source_8wekyb3d8bbwe;Maven_bin;C:\Users\ASUS\AppData\Local\Microsoft\WindowsApps;c:\Users\ASUS\.trae\extensions\vscjava.vscode-java-debug-0.59.0-universal\bundled\scripts\noConfigScripts
USERNAME=ASUS
LANG=en_US.UTF-8
OS=Windows_NT
PROCESSOR_IDENTIFIER=Intel64 Family 6 Model 158 Stepping 10, GenuineIntel
TMP=C:\Users\ASUS\AppData\Local\Temp
TEMP=C:\Users\ASUS\AppData\Local\Temp




Periodic native trim disabled

---------------  S Y S T E M  ---------------

OS:
 Windows 11 , 64 bit Build 26100 (10.0.26100.8328)
OS uptime: 0 days 3:07 hours
Hyper-V role detected

CPU: total 8 (initial active 8) (4 cores per cpu, 2 threads per core) family 6 model 158 stepping 10 microcode 0xde, cx8, cmov, fxsr, ht, mmx, 3dnowpref, sse, sse2, sse3, ssse3, sse4.1, sse4.2, popcnt, lzcnt, tsc, tscinvbit, avx, avx2, aes, erms, clmul, bmi1, bmi2, adx, fma, vzeroupper, clflush, clflushopt, hv, rdtscp, f16c
Processor Information for the first 8 processors :
  Max Mhz: 2304, Current Mhz: 2304, Mhz Limit: 2304

Memory: 4k page, system-wide physical 16236M (2048M free)
TotalPageFile size 20332M (AvailPageFile size 0M)
current process WorkingSet (physical memory assigned to process): 49M, peak: 49M
current process commit charge ("private bytes"): 333M, peak: 335M

vm_info: OpenJDK 64-Bit Server VM (21.0.7+6-LTS) for windows-amd64 JRE (21.0.7+6-LTS), built on 2025-04-09T22:17:25Z by "MicrosoftCorporation" with unknown MS VC++:1939

END.
